Microchip MPLAB XC8 Compiler V2.40

Linker command line:

-W-3 \
  --edf=C:\Program Files\Microchip\xc8\v2.40\pic\dat\20220703182018_en.msgs \
  -cn -h+dist/default/production\2025_08Linky_Startup.X.production.sym \
  --cmf=dist/default/production\2025_08Linky_Startup.X.production.cmf -z \
  -Q12LF1822 -oC:\Users\BENOIT~1\AppData\Local\Temp\xcAs13ak.4 \
  --defsym=__MPLAB_BUILD=1 --fixupoverflow=error \
  -Mdist/default/production/2025_08Linky_Startup.X.production.map \
  --md=C:\Users\BENOIT~1\AppData\Local\Temp\xcAs13ak.dat -E1 \
  -ver=XC8 Compiler --acfsm=1493 -ACODE=00h-07FFh -ASTRCODE=00h-07FFh \
  -ASTRING=00h-0FFhx8 -ACONST=00h-0FFhx8 -AENTRY=00h-0FFhx8 \
  -ACOMMON=070h-07Fh -ABANK0=020h-06Fh -ABANK1=0A0h-0BFh \
  -ABIGRAM=02000h-0206Fh -ARAM=020h-06Fh,0A0h-0BFh \
  -AABS1=020h-07Fh,0A0h-0BFh -ASFR0=00h-01Fh -ASFR1=080h-09Fh \
  -ASFR2=0100h-016Fh -ASFR3=0180h-01EFh -ASFR4=0200h-026Fh \
  -ASFR5=0280h-02EFh -ASFR6=0300h-036Fh -ASFR7=0380h-03EFh \
  -ASFR8=0400h-046Fh -ASFR9=0480h-04EFh -ASFR10=0500h-056Fh \
  -ASFR11=0580h-05EFh -ASFR12=0600h-066Fh -ASFR13=0680h-06EFh \
  -ASFR14=0700h-076Fh -ASFR15=0780h-07EFh -ASFR16=0800h-086Fh \
  -ASFR17=0880h-08EFh -ASFR18=0900h-096Fh -ASFR19=0980h-09EFh \
  -ASFR20=0A00h-0A6Fh -ASFR21=0A80h-0AEFh -ASFR22=0B00h-0B6Fh \
  -ASFR23=0B80h-0BEFh -ASFR24=0C00h-0C6Fh -ASFR25=0C80h-0CEFh \
  -ASFR26=0D00h-0D6Fh -ASFR27=0D80h-0DEFh -ASFR28=0E00h-0E6Fh \
  -ASFR29=0E80h-0EEFh -ASFR30=0F00h-0F6Fh -ASFR31=0F80h-0FEFh \
  -ACONFIG=08007h-08008h -DCONFIG=2 -AIDLOC=08000h-08003h -DIDLOC=2 \
  -AEEDATA=00h-0FFh/0F000h -peeprom_data=EEDATA -DEEDATA=2 -DCODE=2 \
  -DSTRCODE=2 -DSTRING=2 -DCONST=2 -DENTRY=2 \
  -preset_vec=00h,intentry=04h,init,end_init -ppowerup=CODE -pcinit=CODE \
  -pfunctab=ENTRY -k C:\Users\BENOIT~1\AppData\Local\Temp\xcAs13ak.o \
  dist/default/production\2025_08Linky_Startup.X.production.o 

Object code version is 3.11

Machine type is 12LF1822



                Name                               Link     Load   Length Selector   Space Scale
C:\Users\BENOIT~1\AppData\Local\Temp\xcAs13ak.o
                end_init                             6B       6B        1        8       0
                reset_vec                             0        0        1        0       0
                config                             8007     8007        2        0       4
                idloc                              8000     8000        4        0       5
dist/default/production\2025_08Linky_Startup.X.production.o
                cinit                                6C       6C       1B        8       0
                intentry                              4        4       67        8       0
                config                             8007     8007        2        0       4
                idloc                              8000     8000        4        0       5
                text3                               145      145       14        8       0
                text1                               130      130       15        8       0
                maintext                             87       87       A9        8       0
                cstackBANK0                          40       40        5       20       1
                cstackCOMMON                         70       70        5       70       1
                clrtext                             16F      16F        6        8       0
                inittext                            169      169        6        8       0
                dataBANK0                            30       30       10       20       1
                bssBANK0                             20       20       10       20       1
                bssCOMMON                            75       75        4       70       1
                idataBANK0                          159      159       10        8       0

TOTAL           Name                               Link     Load   Length     Space
        CLASS   CODE           
                end_init                             6B       6B        1         0
                cinit                                6C       6C       1B         0
                intentry                              4        4       67         0
                reset_vec                             0        0        1         0
                text3                               145      145       14         0
                text1                               130      130       15         0
                maintext                             87       87       A9         0
                clrtext                             16F      16F        6         0
                inittext                            169      169        6         0
                idataBANK0                          159      159       10         0

        CLASS   STRCODE        

        CLASS   STRING         

        CLASS   CONST          

        CLASS   ENTRY          

        CLASS   COMMON         
                cstackCOMMON                         70       70        5         1
                bssCOMMON                            75       75        4         1

        CLASS   BANK0          
                cstackBANK0                          40       40        5         1
                dataBANK0                            30       30       10         1
                bssBANK0                             20       20       10         1

        CLASS   BANK1          

        CLASS   BIGRAM         

        CLASS   RAM            

        CLASS   ABS1           
                abs_s1                               7E       7E        2         1

        CLASS   SFR0           

        CLASS   SFR1           

        CLASS   SFR2           

        CLASS   SFR3           

        CLASS   SFR4           

        CLASS   SFR5           

        CLASS   SFR6           

        CLASS   SFR7           

        CLASS   SFR8           

        CLASS   SFR9           

        CLASS   SFR10          

        CLASS   SFR11          

        CLASS   SFR12          

        CLASS   SFR13          

        CLASS   SFR14          

        CLASS   SFR15          

        CLASS   SFR16          

        CLASS   SFR17          

        CLASS   SFR18          

        CLASS   SFR19          

        CLASS   SFR20          

        CLASS   SFR21          

        CLASS   SFR22          

        CLASS   SFR23          

        CLASS   SFR24          

        CLASS   SFR25          

        CLASS   SFR26          

        CLASS   SFR27          

        CLASS   SFR28          

        CLASS   SFR29          

        CLASS   SFR30          

        CLASS   SFR31          

        CLASS   CONFIG         
                config                             8007     8007        2         4

        CLASS   IDLOC          
                idloc                              8000     8000        4         5

        CLASS   EEDATA         

        CLASS   BANK31         

        CLASS   BANK30         

        CLASS   BANK29         

        CLASS   BANK28         

        CLASS   BANK27         

        CLASS   BANK26         

        CLASS   BANK25         

        CLASS   BANK24         

        CLASS   BANK23         

        CLASS   BANK22         

        CLASS   BANK21         

        CLASS   BANK20         

        CLASS   BANK19         

        CLASS   BANK18         

        CLASS   BANK17         

        CLASS   BANK16         

        CLASS   BANK15         

        CLASS   BANK14         

        CLASS   BANK13         

        CLASS   BANK12         

        CLASS   BANK11         

        CLASS   BANK10         

        CLASS   BANK9          

        CLASS   BANK8          

        CLASS   BANK7          

        CLASS   BANK6          

        CLASS   BANK5          

        CLASS   BANK4          

        CLASS   BANK3          

        CLASS   BANK2          

        CLASS   HEAP           

        CLASS   STACK          



SEGMENTS        Name                           Load    Length   Top    Selector   Space  Class     Delta

                reset_vec                      000000  000001  000001         0       0  CODE        2
                intentry                       000004  000171  000175         8       0  CODE        2
                bssBANK0                       000020  000025  000045        20       1  BANK0       1
                cstackCOMMON                   000070  000009  000079        70       1  COMMON      1


UNUSED ADDRESS RANGES

        Name                Unused          Largest block    Delta
        BANK0            00045-0006F              2B           1
        BANK1            000A0-000BF              20           1
        BIGRAM           02000-0206F              70           1
        CODE             00001-00003               3           2
                         00175-007FF             68B
        COMMON           00079-0007D               5           1
        CONST            00001-00003               3           2
                         00175-007FF             100
        EEDATA           0F000-0F0FF             100           2
        ENTRY            00001-00003               3           2
                         00175-007FF             100
        RAM              00045-0006F              2B           1
                         000A0-000BF              20
        SFR0             00000-0001F              20           1
        SFR1             00080-0009F              20           1
        SFR10            00500-0056F              70           1
        SFR11            00580-005EF              70           1
        SFR12            00600-0066F              70           1
        SFR13            00680-006EF              70           1
        SFR14            00700-0076F              70           1
        SFR15            00780-007EF              70           1
        SFR16            00800-0086F              70           1
        SFR17            00880-008EF              70           1
        SFR18            00900-0096F              70           1
        SFR19            00980-009EF              70           1
        SFR2             00100-0016F              70           1
        SFR20            00A00-00A6F              70           1
        SFR21            00A80-00AEF              70           1
        SFR22            00B00-00B6F              70           1
        SFR23            00B80-00BEF              70           1
        SFR24            00C00-00C6F              70           1
        SFR25            00C80-00CEF              70           1
        SFR26            00D00-00D6F              70           1
        SFR27            00D80-00DEF              70           1
        SFR28            00E00-00E6F              70           1
        SFR29            00E80-00EEF              70           1
        SFR3             00180-001EF              70           1
        SFR30            00F00-00F6F              70           1
        SFR31            00F80-00FEF              70           1
        SFR4             00200-0026F              70           1
        SFR5             00280-002EF              70           1
        SFR6             00300-0036F              70           1
        SFR7             00380-003EF              70           1
        SFR8             00400-0046F              70           1
        SFR9             00480-004EF              70           1
        STRCODE          00001-00003               3           2
                         00175-007FF             68B
        STRING           00001-00003               3           2
                         00175-007FF             100

                                  Symbol Table

?_ADC_Lecture            cstackBANK0  00040
?i1_ADC_Lecture          cstackCOMMON 00070
_ADCON0bits              (abs)        0009D
_ADCON1bits              (abs)        0009E
_ADC_Lecture             text1        00130
_ADRESH                  (abs)        0009C
_ANSELA                  (abs)        0018C
_ANSELAbits              (abs)        0018C
_APFCONbits              (abs)        0011D
_ESPState                bssBANK0     00022
_INTCONbits              (abs)        0000B
_IOCAFbits               (abs)        00393
_IOCANbits               (abs)        00392
_IOCAPbits               (abs)        00391
_IOCIE                   (abs)        0005B
_IOCIF                   (abs)        00058
_LATA                    (abs)        0010C
_LATAbits                (abs)        0010C
_OPTION_REGbits          (abs)        00095
_OSCCON                  (abs)        00099
_OSCCONbits              (abs)        00099
_PIE1bits                (abs)        00091
_PIR1bits                (abs)        00011
_PORTAbits               (abs)        0000C
_T1CONbits               (abs)        00018
_TMR1                    (abs)        00016
_TRISA                   (abs)        0008C
_TRISAbits               (abs)        0008C
_WPUAbits                (abs)        0020C
__Habs1                  abs1         00000
__Hbank0                 bank0        00000
__Hbank1                 bank1        00000
__Hbank10                bank10       00000
__Hbank11                bank11       00000
__Hbank12                bank12       00000
__Hbank13                bank13       00000
__Hbank14                bank14       00000
__Hbank15                bank15       00000
__Hbank16                bank16       00000
__Hbank17                bank17       00000
__Hbank18                bank18       00000
__Hbank19                bank19       00000
__Hbank2                 bank2        00000
__Hbank20                bank20       00000
__Hbank21                bank21       00000
__Hbank22                bank22       00000
__Hbank23                bank23       00000
__Hbank24                bank24       00000
__Hbank25                bank25       00000
__Hbank26                bank26       00000
__Hbank27                bank27       00000
__Hbank28                bank28       00000
__Hbank29                bank29       00000
__Hbank3                 bank3        00000
__Hbank30                bank30       00000
__Hbank31                bank31       00000
__Hbank4                 bank4        00000
__Hbank5                 bank5        00000
__Hbank6                 bank6        00000
__Hbank7                 bank7        00000
__Hbank8                 bank8        00000
__Hbank9                 bank9        00000
__Hbigram                bigram       00000
__HbssBANK0              bssBANK0     00000
__HbssCOMMON             bssCOMMON    00000
__Hcinit                 cinit        00087
__Hclrtext               clrtext      00000
__Hcode                  code         00000
__Hcommon                common       00000
__Hconfig                config       08009
__HcstackBANK0           cstackBANK0  00000
__HcstackCOMMON          cstackCOMMON 00000
__HdataBANK0             dataBANK0    00000
__Heeprom_data           eeprom_data  00000
__Hend_init              end_init     0006C
__Hfunctab               functab      00000
__Hheap                  heap         00000
__HidataBANK0            idataBANK0   00000
__Hidloc                 idloc        08004
__Hinit                  init         0006B
__Hinittext              inittext     00000
__Hintentry              intentry     0006B
__Hmaintext              maintext     00000
__Hpowerup               powerup      00000
__Hram                   ram          00000
__Hreset_vec             reset_vec    00001
__Hsfr0                  sfr0         00000
__Hsfr1                  sfr1         00000
__Hsfr10                 sfr10        00000
__Hsfr11                 sfr11        00000
__Hsfr12                 sfr12        00000
__Hsfr13                 sfr13        00000
__Hsfr14                 sfr14        00000
__Hsfr15                 sfr15        00000
__Hsfr16                 sfr16        00000
__Hsfr17                 sfr17        00000
__Hsfr18                 sfr18        00000
__Hsfr19                 sfr19        00000
__Hsfr2                  sfr2         00000
__Hsfr20                 sfr20        00000
__Hsfr21                 sfr21        00000
__Hsfr22                 sfr22        00000
__Hsfr23                 sfr23        00000
__Hsfr24                 sfr24        00000
__Hsfr25                 sfr25        00000
__Hsfr26                 sfr26        00000
__Hsfr27                 sfr27        00000
__Hsfr28                 sfr28        00000
__Hsfr29                 sfr29        00000
__Hsfr3                  sfr3         00000
__Hsfr30                 sfr30        00000
__Hsfr31                 sfr31        00000
__Hsfr4                  sfr4         00000
__Hsfr5                  sfr5         00000
__Hsfr6                  sfr6         00000
__Hsfr7                  sfr7         00000
__Hsfr8                  sfr8         00000
__Hsfr9                  sfr9         00000
__Hspace_0               (abs)        00175
__Hspace_1               (abs)        00079
__Hspace_2               (abs)        00000
__Hspace_3               (abs)        00000
__Hspace_4               (abs)        10010
__Hstack                 stack        00000
__Hstrings               strings      00000
__Htext                  text         00000
__Labs1                  abs1         00000
__Lbank0                 bank0        00000
__Lbank1                 bank1        00000
__Lbank10                bank10       00000
__Lbank11                bank11       00000
__Lbank12                bank12       00000
__Lbank13                bank13       00000
__Lbank14                bank14       00000
__Lbank15                bank15       00000
__Lbank16                bank16       00000
__Lbank17                bank17       00000
__Lbank18                bank18       00000
__Lbank19                bank19       00000
__Lbank2                 bank2        00000
__Lbank20                bank20       00000
__Lbank21                bank21       00000
__Lbank22                bank22       00000
__Lbank23                bank23       00000
__Lbank24                bank24       00000
__Lbank25                bank25       00000
__Lbank26                bank26       00000
__Lbank27                bank27       00000
__Lbank28                bank28       00000
__Lbank29                bank29       00000
__Lbank3                 bank3        00000
__Lbank30                bank30       00000
__Lbank31                bank31       00000
__Lbank4                 bank4        00000
__Lbank5                 bank5        00000
__Lbank6                 bank6        00000
__Lbank7                 bank7        00000
__Lbank8                 bank8        00000
__Lbank9                 bank9        00000
__Lbigram                bigram       00000
__LbssBANK0              bssBANK0     00000
__LbssCOMMON             bssCOMMON    00000
__Lcinit                 cinit        0006C
__Lclrtext               clrtext      00000
__Lcode                  code         00000
__Lcommon                common       00000
__Lconfig                config       00000
__LcstackBANK0           cstackBANK0  00000
__LcstackCOMMON          cstackCOMMON 00000
__LdataBANK0             dataBANK0    00000
__Leeprom_data           eeprom_data  00000
__Lend_init              end_init     0006B
__Lfunctab               functab      00000
__Lheap                  heap         00000
__LidataBANK0            idataBANK0   00000
__Lidloc                 idloc        00000
__Linit                  init         0006B
__Linittext              inittext     00000
__Lintentry              intentry     00004
__Lmaintext              maintext     00000
__Lpowerup               powerup      00000
__Lram                   ram          00000
__Lreset_vec             reset_vec    00000
__Lsfr0                  sfr0         00000
__Lsfr1                  sfr1         00000
__Lsfr10                 sfr10        00000
__Lsfr11                 sfr11        00000
__Lsfr12                 sfr12        00000
__Lsfr13                 sfr13        00000
__Lsfr14                 sfr14        00000
__Lsfr15                 sfr15        00000
__Lsfr16                 sfr16        00000
__Lsfr17                 sfr17        00000
__Lsfr18                 sfr18        00000
__Lsfr19                 sfr19        00000
__Lsfr2                  sfr2         00000
__Lsfr20                 sfr20        00000
__Lsfr21                 sfr21        00000
__Lsfr22                 sfr22        00000
__Lsfr23                 sfr23        00000
__Lsfr24                 sfr24        00000
__Lsfr25                 sfr25        00000
__Lsfr26                 sfr26        00000
__Lsfr27                 sfr27        00000
__Lsfr28                 sfr28        00000
__Lsfr29                 sfr29        00000
__Lsfr3                  sfr3         00000
__Lsfr30                 sfr30        00000
__Lsfr31                 sfr31        00000
__Lsfr4                  sfr4         00000
__Lsfr5                  sfr5         00000
__Lsfr6                  sfr6         00000
__Lsfr7                  sfr7         00000
__Lsfr8                  sfr8         00000
__Lsfr9                  sfr9         00000
__Lspace_0               (abs)        00000
__Lspace_1               (abs)        00000
__Lspace_2               (abs)        00000
__Lspace_3               (abs)        00000
__Lspace_4               (abs)        00000
__Lstack                 stack        00000
__Lstrings               strings      00000
__Ltext                  text         00000
__S0                     (abs)        00175
__S1                     (abs)        00079
__S3                     (abs)        00000
___heap_hi               (abs)        00000
___heap_lo               (abs)        00000
___int_sp                stack        00000
___latbits               (abs)        00000
___sp                    stack        00000
___stackhi               (abs)        00000
___stacklo               (abs)        00000
__end_of_ADC_Lecture     text1        00145
__end_of__initialization cinit        00084
__end_of_isr             intentry     0006B
__end_of_main            maintext     00130
__end_ofi1_ADC_Lecture   text3        00159
__initialization         cinit        0006C
__pbssBANK0              bssBANK0     00020
__pbssCOMMON             bssCOMMON    00075
__pcstackBANK0           cstackBANK0  00040
__pcstackCOMMON          cstackCOMMON 00070
__pdataBANK0             dataBANK0    00030
__pidataBANK0            idataBANK0   00159
__pintentry              intentry     00004
__pmaintext              maintext     00087
__ptext1                 text1        00130
__ptext3                 text3        00145
_adc_char                bssCOMMON    00075
_counter_ADC             bssBANK0     0002E
_currentState            dataBANK0    00032
_isr                     intentry     00004
_main                    maintext     00087
_t1_overflows            bssCOMMON    00077
_threshold2              dataBANK0    00034
_triggerFlag             bssCOMMON    00078
btemp                    (abs)        0007E
clear_ram0               clrtext      0016F
end_of_initialization    cinit        00084
i1_ADC_Lecture           text3        00145
init_ram                 inittext     00169
int$flags                (abs)        0007E
intlevel0                functab      00000
intlevel1                functab      00000
intlevel2                functab      00000
intlevel3                functab      00000
intlevel4                functab      00000
intlevel5                functab      00000
reset_vec                reset_vec    00000
start                    init         0006B
start_initialization     cinit        0006C
wtemp0                   (abs)        0007E


MODULE INFORMATION

Module		Function		Class		Link	Load	Size
shared
		__initialization		CODE           	006C	0000	24
		i1_ADC_Lecture 		CODE           	0145	0000	20

shared estimated size: 44

main.c
		_ADC_Lecture   		CODE           	0130	0000	21
		_main          		CODE           	0087	0000	169
		_isr           		CODE           	0004	0000	103

main.c estimated size: 293

